c:\users\vboxuser\desktop\hello\encryption\x64\debug\vc143.pdb
c:\users\vboxuser\desktop\hello\encryption\x64\debug\vc143.idb
c:\users\vboxuser\desktop\hello\click2\encryption\x64\debug\vc143.pdb
c:\users\vboxuser\desktop\hello\click2\encryption\x64\debug\vc143.idb
c:\users\vboxuser\desktop\hello\click2\encryption\x64\debug\main.obj
c:\users\vboxuser\desktop\hello\click2\encryption\x64\debug\imports.obj
c:\users\vboxuser\desktop\hello\click2\encryption\x64\debug\gate.obj
c:\users\vboxuser\desktop\hello\click2\encryption\x64\debug\aes.obj
c:\users\vboxuser\desktop\hello\click\x64\debug\encryption.exe
c:\users\vboxuser\desktop\hello\click\x64\debug\encryption.pdb
c:\users\vboxuser\desktop\hello\click2\x64\debug\encryption.exe
c:\users\vboxuser\desktop\hello\click2\encryption\x64\debug\hell.obj
c:\users\vboxuser\desktop\hello\click2\encryption\x64\debug\encryption.ilk
c:\users\vboxuser\desktop\hello\click2\encryption\x64\debug\main.obj.enc
c:\users\vboxuser\desktop\hello\click2\x64\debug\encryption.pdb
c:\users\vboxuser\desktop\hello\click2\encryption\x64\debug\encryption.tlog\cl.command.1.tlog
c:\users\vboxuser\desktop\hello\click2\encryption\x64\debug\encryption.tlog\cl.items.tlog
c:\users\vboxuser\desktop\hello\click2\encryption\x64\debug\encryption.tlog\cl.read.1.tlog
c:\users\vboxuser\desktop\hello\click2\encryption\x64\debug\encryption.tlog\cl.write.1.tlog
c:\users\vboxuser\desktop\hello\click2\encryption\x64\debug\encryption.tlog\link.command.1.tlog
c:\users\vboxuser\desktop\hello\click2\encryption\x64\debug\encryption.tlog\link.read.1.tlog
c:\users\vboxuser\desktop\hello\click2\encryption\x64\debug\encryption.tlog\link.secondary.1.tlog
c:\users\vboxuser\desktop\hello\click2\encryption\x64\debug\encryption.tlog\link.write.1.tlog
c:\users\vboxuser\desktop\hello\click2\encryption\x64\debug\encryption.tlog\masm.read.1u.tlog
c:\users\vboxuser\desktop\hello\click2\encryption\x64\debug\encryption.tlog\masm.write.1u.tlog
