  Assembling Hell.asm...
  aes.c
  Gate.c
C:\Users\vboxuser\Desktop\hello\Gate.c(43,7): warning C4013: 'HashStringJenkinsOneAtATime32BitA' undefined; assuming extern returning int
C:\Users\vboxuser\Desktop\hello\Gate.c(103,8): warning C4142: 'HashStringJenkinsOneAtATime32BitA': benign redefinition of type
  ImportsEncryFunc.c
C:\Users\vboxuser\Desktop\hello\ImportsEncryFunc.c(8,36): warning C4081: expected 'newline'; found ';'
C:\Users\vboxuser\Desktop\hello\ImportsEncryFunc.c(61,24): warning C4133: 'initializing': incompatible types - from '_LIST_ENTRY *' to 'PLDR_DATA_TABLE_ENTRY'
C:\Users\vboxuser\Desktop\hello\ImportsEncryFunc.c(258,3): warning C4047: 'function': 'HCRYPTKEY' differs in levels of indirection from 'void *'
C:\Users\vboxuser\Desktop\hello\ImportsEncryFunc.c(258,3): warning C4024: 'pCryptExportKey': different types for formal and actual parameter 2
C:\Users\vboxuser\Desktop\hello\ImportsEncryFunc.c(260,3): warning C4047: 'function': 'DWORD' differs in levels of indirection from 'void *'
C:\Users\vboxuser\Desktop\hello\ImportsEncryFunc.c(260,3): warning C4024: 'pCryptExportKey': different types for formal and actual parameter 4
C:\Users\vboxuser\Desktop\hello\ImportsEncryFunc.c(273,3): warning C4047: 'function': 'HCRYPTKEY' differs in levels of indirection from 'void *'
C:\Users\vboxuser\Desktop\hello\ImportsEncryFunc.c(273,3): warning C4024: 'pCryptExportKey': different types for formal and actual parameter 2
C:\Users\vboxuser\Desktop\hello\ImportsEncryFunc.c(275,3): warning C4047: 'function': 'DWORD' differs in levels of indirection from 'void *'
C:\Users\vboxuser\Desktop\hello\ImportsEncryFunc.c(275,3): warning C4024: 'pCryptExportKey': different types for formal and actual parameter 4
C:\Users\vboxuser\Desktop\hello\ImportsEncryFunc.c(317,9): warning C4047: '=': 'HCRYPTKEY' differs in levels of indirection from 'void *'
C:\Users\vboxuser\Desktop\hello\ImportsEncryFunc.c(321,10): warning C4047: '=': 'HCRYPTPROV' differs in levels of indirection from 'void *'
C:\Users\vboxuser\Desktop\hello\ImportsEncryFunc.c(192,13): warning C4047: 'initializing': 'HCRYPTPROV' differs in levels of indirection from 'void *'
C:\Users\vboxuser\Desktop\hello\ImportsEncryFunc.c(193,12): warning C4047: 'initializing': 'HCRYPTKEY' differs in levels of indirection from 'void *'
C:\Users\vboxuser\Desktop\hello\ImportsEncryFunc.c(344,8): warning C4047: 'initializing': 'DWORD' differs in levels of indirection from 'void *'
C:\Users\vboxuser\Desktop\hello\ImportsEncryFunc.c(530,29): warning C4047: 'function': 'LONG' differs in levels of indirection from 'void *'
C:\Users\vboxuser\Desktop\hello\ImportsEncryFunc.c(530,29): warning C4024: 'pSetFilePointer': different types for formal and actual parameter 2
C:\Users\vboxuser\Desktop\hello\ImportsEncryFunc.c(591,9): warning C4047: 'initializing': 'SIZE_T' differs in levels of indirection from 'void *'
C:\Users\vboxuser\Desktop\hello\ImportsEncryFunc.c(596,8): warning C4047: 'initializing': 'DWORD' differs in levels of indirection from 'void *'
C:\Users\vboxuser\Desktop\hello\ImportsEncryFunc.c(773,27): warning C4047: 'function': 'HCRYPTHASH' differs in levels of indirection from 'void *'
C:\Users\vboxuser\Desktop\hello\ImportsEncryFunc.c(773,27): warning C4024: 'pCryptEncrypt': different types for formal and actual parameter 2
C:\Users\vboxuser\Desktop\hello\ImportsEncryFunc.c(785,27): warning C4047: 'function': 'HCRYPTHASH' differs in levels of indirection from 'void *'
C:\Users\vboxuser\Desktop\hello\ImportsEncryFunc.c(785,27): warning C4024: 'pCryptEncrypt': different types for formal and actual parameter 2
  Emain.c
C:\Users\vboxuser\Desktop\hello\IatC.h(42,54): warning C4047: 'function': 'UINT' differs in levels of indirection from 'void *'
  (compiling source file 'Emain.c')
  
C:\Users\vboxuser\Desktop\hello\IatC.h(42,54): warning C4024: 'MessageBoxA': different types for formal and actual parameter 4
  (compiling source file 'Emain.c')
  
C:\Users\vboxuser\Desktop\hello\IatC.h(45,41): warning C4047: 'function': 'DWORD' differs in levels of indirection from 'void *'
  (compiling source file 'Emain.c')
  
C:\Users\vboxuser\Desktop\hello\IatC.h(45,41): warning C4024: 'SetCriticalSectionSpinCount': different types for formal and actual parameter 2
  (compiling source file 'Emain.c')
  
C:\Users\vboxuser\Desktop\hello\IatC.h(47,31): warning C4047: 'function': 'int' differs in levels of indirection from 'void *'
  (compiling source file 'Emain.c')
  
C:\Users\vboxuser\Desktop\hello\IatC.h(47,31): warning C4024: 'GetWindowLongPtrW': different types for formal and actual parameter 2
  (compiling source file 'Emain.c')
  
C:\Users\vboxuser\Desktop\hello\IatC.h(50,28): warning C4047: 'function': 'LCID' differs in levels of indirection from 'void *'
  (compiling source file 'Emain.c')
  
C:\Users\vboxuser\Desktop\hello\IatC.h(50,28): warning C4024: 'ConvertDefaultLocale': different types for formal and actual parameter 1
  (compiling source file 'Emain.c')
  
C:\Users\vboxuser\Desktop\hello\IatC.h(51,27): warning C4047: 'function': 'UINT' differs in levels of indirection from 'void *'
  (compiling source file 'Emain.c')
  
C:\Users\vboxuser\Desktop\hello\IatC.h(51,27): warning C4024: 'MultiByteToWideChar': different types for formal and actual parameter 1
  (compiling source file 'Emain.c')
  
C:\Users\vboxuser\Desktop\hello\IatC.h(51,33): warning C4047: 'function': 'DWORD' differs in levels of indirection from 'void *'
  (compiling source file 'Emain.c')
  
C:\Users\vboxuser\Desktop\hello\IatC.h(51,33): warning C4024: 'MultiByteToWideChar': different types for formal and actual parameter 2
  (compiling source file 'Emain.c')
  
C:\Users\vboxuser\Desktop\hello\IatC.h(51,45): warning C4047: 'function': 'int' differs in levels of indirection from 'void *'
  (compiling source file 'Emain.c')
  
C:\Users\vboxuser\Desktop\hello\IatC.h(51,45): warning C4024: 'MultiByteToWideChar': different types for formal and actual parameter 4
  (compiling source file 'Emain.c')
  
C:\Users\vboxuser\Desktop\hello\IatC.h(51,57): warning C4047: 'function': 'int' differs in levels of indirection from 'void *'
  (compiling source file 'Emain.c')
  
C:\Users\vboxuser\Desktop\hello\IatC.h(51,57): warning C4024: 'MultiByteToWideChar': different types for formal and actual parameter 6
  (compiling source file 'Emain.c')
  
C:\Users\vboxuser\Desktop\hello\Emain.c(12,2): warning C4013: 'InitializeSysCalls' undefined; assuming extern returning int
C:\Users\vboxuser\Desktop\hello\Emain.c(14,2): warning C4013: 'InitializeModules' undefined; assuming extern returning int
C:\Users\vboxuser\Desktop\hello\Emain.c(25,30): warning C4133: 'function': incompatible types - from 'SIZE_T *' to 'LPDWORD'
C:\Users\vboxuser\Desktop\hello\Emain.c(68,32): warning C4244: '=': conversion from 'SIZE_T' to 'DWORD', possible loss of data
C:\Users\vboxuser\Desktop\hello\Emain.c(81,70): warning C4244: 'function': conversion from 'SIZE_T' to 'DWORD', possible loss of data
C:\Users\vboxuser\Desktop\hello\Emain.c(102,5): warning C4026: function declared with formal parameter list
  Generating Code...
C:\Users\vboxuser\Desktop\hello\ImportsEncryFunc.c(145,1): warning C4715: 'InitializeSysCalls': not all control paths return a value
  Project1.vcxproj -> C:\Users\vboxuser\Desktop\hello\x64\Debug\Encryption.exe
